
Allocating common symbols
Common symbol       size              file

GPIO_Init_LED       0x4               ..\obj\main.o

Discarded input sections

 .text          0x00000000        0x0 ..\obj\system_stm32f10x.o
 .bss           0x00000000        0x0 ..\obj\system_stm32f10x.o
 .text.SystemCoreClockUpdate
                0x00000000       0xe4 ..\obj\system_stm32f10x.o
 .text          0x00000000        0x0 ..\obj\startup_stm32f10x_md.o
 .data          0x00000000        0x0 ..\obj\startup_stm32f10x_md.o
 .bss           0x00000000        0x0 ..\obj\startup_stm32f10x_md.o
 .text          0x00000000        0x0 ..\obj\stm32f10x_gpio.o
 .data          0x00000000        0x0 ..\obj\stm32f10x_gpio.o
 .bss           0x00000000        0x0 ..\obj\stm32f10x_gpio.o
 .text.GPIO_DeInit
                0x00000000      0x118 ..\obj\stm32f10x_gpio.o
 .text.GPIO_AFIODeInit
                0x00000000       0x20 ..\obj\stm32f10x_gpio.o
 .text.GPIO_StructInit
                0x00000000       0x2c ..\obj\stm32f10x_gpio.o
 .text.GPIO_ReadInputData
                0x00000000       0x1c ..\obj\stm32f10x_gpio.o
 .text.GPIO_ReadOutputDataBit
                0x00000000       0x3c ..\obj\stm32f10x_gpio.o
 .text.GPIO_ReadOutputData
                0x00000000       0x1c ..\obj\stm32f10x_gpio.o
 .text.GPIO_WriteBit
                0x00000000       0x30 ..\obj\stm32f10x_gpio.o
 .text.GPIO_Write
                0x00000000       0x1c ..\obj\stm32f10x_gpio.o
 .text.GPIO_PinLockConfig
                0x00000000       0x44 ..\obj\stm32f10x_gpio.o
 .text.GPIO_EventOutputConfig
                0x00000000       0x54 ..\obj\stm32f10x_gpio.o
 .text.GPIO_EventOutputCmd
                0x00000000       0x20 ..\obj\stm32f10x_gpio.o
 .text.GPIO_PinRemapConfig
                0x00000000      0x104 ..\obj\stm32f10x_gpio.o
 .text.GPIO_EXTILineConfig
                0x00000000       0x9c ..\obj\stm32f10x_gpio.o
 .text.GPIO_ETH_MediaInterfaceConfig
                0x00000000       0x1c ..\obj\stm32f10x_gpio.o
 .text          0x00000000        0x0 ..\obj\main.o
 .data          0x00000000        0x0 ..\obj\main.o
 .text          0x00000000        0x0 ..\obj\stm32f10x_rcc.o
 .data          0x00000000       0x14 ..\obj\stm32f10x_rcc.o
 .bss           0x00000000        0x0 ..\obj\stm32f10x_rcc.o
 .text.RCC_DeInit
                0x00000000       0x5c ..\obj\stm32f10x_rcc.o
 .text.RCC_HSEConfig
                0x00000000       0x5c ..\obj\stm32f10x_rcc.o
 .text.RCC_WaitForHSEStartUp
                0x00000000       0x64 ..\obj\stm32f10x_rcc.o
 .text.RCC_AdjustHSICalibrationValue
                0x00000000       0x40 ..\obj\stm32f10x_rcc.o
 .text.RCC_HSICmd
                0x00000000       0x20 ..\obj\stm32f10x_rcc.o
 .text.RCC_PLLConfig
                0x00000000       0x44 ..\obj\stm32f10x_rcc.o
 .text.RCC_PLLCmd
                0x00000000       0x20 ..\obj\stm32f10x_rcc.o
 .text.RCC_SYSCLKConfig
                0x00000000       0x3c ..\obj\stm32f10x_rcc.o
 .text.RCC_GetSYSCLKSource
                0x00000000       0x1c ..\obj\stm32f10x_rcc.o
 .text.RCC_HCLKConfig
                0x00000000       0x3c ..\obj\stm32f10x_rcc.o
 .text.RCC_PCLK1Config
                0x00000000       0x3c ..\obj\stm32f10x_rcc.o
 .text.RCC_PCLK2Config
                0x00000000       0x40 ..\obj\stm32f10x_rcc.o
 .text.RCC_ITConfig
                0x00000000       0x50 ..\obj\stm32f10x_rcc.o
 .text.RCC_USBCLKConfig
                0x00000000       0x1c ..\obj\stm32f10x_rcc.o
 .text.RCC_ADCCLKConfig
                0x00000000       0x3c ..\obj\stm32f10x_rcc.o
 .text.RCC_LSEConfig
                0x00000000       0x48 ..\obj\stm32f10x_rcc.o
 .text.RCC_LSICmd
                0x00000000       0x20 ..\obj\stm32f10x_rcc.o
 .text.RCC_RTCCLKConfig
                0x00000000       0x24 ..\obj\stm32f10x_rcc.o
 .text.RCC_RTCCLKCmd
                0x00000000       0x20 ..\obj\stm32f10x_rcc.o
 .text.RCC_GetClocksFreq
                0x00000000      0x17c ..\obj\stm32f10x_rcc.o
 .text.RCC_AHBPeriphClockCmd
                0x00000000       0x44 ..\obj\stm32f10x_rcc.o
 .text.RCC_APB1PeriphClockCmd
                0x00000000       0x44 ..\obj\stm32f10x_rcc.o
 .text.RCC_APB2PeriphResetCmd
                0x00000000       0x44 ..\obj\stm32f10x_rcc.o
 .text.RCC_APB1PeriphResetCmd
                0x00000000       0x44 ..\obj\stm32f10x_rcc.o
 .text.RCC_BackupResetCmd
                0x00000000       0x20 ..\obj\stm32f10x_rcc.o
 .text.RCC_ClockSecuritySystemCmd
                0x00000000       0x20 ..\obj\stm32f10x_rcc.o
 .text.RCC_MCOConfig
                0x00000000       0x20 ..\obj\stm32f10x_rcc.o
 .text.RCC_GetFlagStatus
                0x00000000       0x84 ..\obj\stm32f10x_rcc.o
 .text.RCC_ClearFlag
                0x00000000       0x1c ..\obj\stm32f10x_rcc.o
 .text.RCC_GetITStatus
                0x00000000       0x40 ..\obj\stm32f10x_rcc.o
 .text.RCC_ClearITPendingBit
                0x00000000       0x20 ..\obj\stm32f10x_rcc.o

Memory Configuration

Name             Origin             Length             Attributes
rom              0x08000000         0x00010000         xr
ram              0x20000000         0x00005000         xrw
*default*        0x00000000         0xffffffff

Linker script and memory map

                0x20005000                _eram = 0x20005000

.text           0x08000000     0x1244
 *(.isr_vector)
 .isr_vector    0x08000000      0x10c ..\obj\startup_stm32f10x_md.o
                0x08000000                g_pfnVectors
 *(.text*)
 .text.SystemInit
                0x0800010c       0x68 ..\obj\system_stm32f10x.o
                0x0800010c                SystemInit
 .text.SetSysClock
                0x08000174        0xc ..\obj\system_stm32f10x.o
 .text.SetSysClockTo72
                0x08000180      0x108 ..\obj\system_stm32f10x.o
 .text.Default_Reset_Handler
                0x08000288       0x68 ..\obj\startup_stm32f10x_md.o
                0x08000288                Default_Reset_Handler
                0x08000288                Reset_Handler
 .text.Default_Handler
                0x080002f0        0x8 ..\obj\startup_stm32f10x_md.o
                0x080002f0                EXTI2_IRQHandler
                0x080002f0                DebugMon_Handler
                0x080002f0                TIM1_CC_IRQHandler
                0x080002f0                HardFault_Handler
                0x080002f0                PVD_IRQHandler
                0x080002f0                PendSV_Handler
                0x080002f0                NMI_Handler
                0x080002f0                EXTI3_IRQHandler
                0x080002f0                EXTI0_IRQHandler
                0x080002f0                I2C2_EV_IRQHandler
                0x080002f0                UsageFault_Handler
                0x080002f0                ADC1_2_IRQHandler
                0x080002f0                SPI1_IRQHandler
                0x080002f0                TAMPER_IRQHandler
                0x080002f0                DMA1_Channel4_IRQHandler
                0x080002f0                USART3_IRQHandler
                0x080002f0                RTC_IRQHandler
                0x080002f0                DMA1_Channel7_IRQHandler
                0x080002f0                CAN1_RX1_IRQHandler
                0x080002f0                TIM4_IRQHandler
                0x080002f0                I2C1_EV_IRQHandler
                0x080002f0                DMA1_Channel6_IRQHandler
                0x080002f0                TIM3_IRQHandler
                0x080002f0                RCC_IRQHandler
                0x080002f0                TIM1_TRG_COM_IRQHandler
                0x080002f0                DMA1_Channel1_IRQHandler
                0x080002f0                EXTI15_10_IRQHandler
                0x080002f0                EXTI9_5_IRQHandler
                0x080002f0                SPI2_IRQHandler
                0x080002f0                MemManage_Handler
                0x080002f0                SVC_Handler
                0x080002f0                DMA1_Channel5_IRQHandler
                0x080002f0                EXTI4_IRQHandler
                0x080002f0                USB_LP_CAN1_RX0_IRQHandler
                0x080002f0                USB_HP_CAN1_TX_IRQHandler
                0x080002f0                DMA1_Channel3_IRQHandler
                0x080002f0                TIM1_UP_IRQHandler
                0x080002f0                WWDG_IRQHandler
                0x080002f0                TIM2_IRQHandler
                0x080002f0                TIM1_BRK_IRQHandler
                0x080002f0                EXTI1_IRQHandler
                0x080002f0                RTCAlarm_IRQHandler
                0x080002f0                USART2_IRQHandler
                0x080002f0                I2C2_ER_IRQHandler
                0x080002f0                DMA1_Channel2_IRQHandler
                0x080002f0                CAN1_SCE_IRQHandler
                0x080002f0                FLASH_IRQHandler
                0x080002f0                BusFault_Handler
                0x080002f0                USART1_IRQHandler
                0x080002f0                I2C1_ER_IRQHandler
                0x080002f0                USBWakeUp_IRQHandler
 .text.GPIO_Init
                0x080002f8      0x1c0 ..\obj\stm32f10x_gpio.o
                0x080002f8                GPIO_Init
 .text.GPIO_ReadInputDataBit
                0x080004b8       0x3c ..\obj\stm32f10x_gpio.o
                0x080004b8                GPIO_ReadInputDataBit
 .text.GPIO_SetBits
                0x080004f4       0x1c ..\obj\stm32f10x_gpio.o
                0x080004f4                GPIO_SetBits
 .text.GPIO_ResetBits
                0x08000510       0x1c ..\obj\stm32f10x_gpio.o
                0x08000510                GPIO_ResetBits
 .text.NVIC_SetPriority
                0x0800052c       0x58 ..\obj\main.o
 .text.SysTick_Config
                0x08000584       0x54 ..\obj\main.o
 .text.SysTick_Handler
                0x080005d8       0x24 ..\obj\main.o
                0x080005d8                SysTick_Handler
 .text.delay_ms
                0x080005fc       0x28 ..\obj\main.o
                0x080005fc                delay_ms
 .text.DS18B20_Reset
                0x08000624       0x40 ..\obj\main.o
                0x08000624                DS18B20_Reset
 .text.DS18B20_0
                0x08000664       0x48 ..\obj\main.o
                0x08000664                DS18B20_0
 .text.DS18B20_1
                0x080006ac       0x50 ..\obj\main.o
                0x080006ac                DS18B20_1
 .text.DS18B20_read
                0x080006fc       0x70 ..\obj\main.o
                0x080006fc                DS18B20_read
 .text.main     0x0800076c      0xa94 ..\obj\main.o
                0x0800076c                main
 .text.RCC_APB2PeriphClockCmd
                0x08001200       0x44 ..\obj\stm32f10x_rcc.o
                0x08001200                RCC_APB2PeriphClockCmd
 *(.init)
 *(.fini)
 *crtbegin.o(.ctors)
 *crtbegin?.o(.ctors)
 *(EXCLUDE_FILE(*crtend.o *crtend?.o) .ctors)
 *(SORT(.ctors.*))
 *(.ctors)
 *crtbegin.o(.dtors)
 *crtbegin?.o(.dtors)
 *(EXCLUDE_FILE(*crtend.o *crtend?.o) .dtors)
 *(SORT(.dtors.*))
 *(.dtors)
 *(.rodata*)
 *(.eh_fram e*)

.glue_7         0x08001244        0x0
 .glue_7        0x00000000        0x0 linker stubs

.glue_7t        0x08001244        0x0
 .glue_7t       0x00000000        0x0 linker stubs

.vfp11_veneer   0x08001244        0x0
 .vfp11_veneer  0x00000000        0x0 linker stubs

.v4_bx          0x08001244        0x0
 .v4_bx         0x00000000        0x0 linker stubs

.ARM.extab
 *(.ARM.extab* .gnu.linkonce.armextab.*)
                0x08001244                __exidx_start = .

.ARM.exidx
 *(.ARM.exidx* .gnu.linkonce.armexidx.*)
                0x08001244                __exidx_end = .
                0x08001244                __etext = .
                0x08001244                _sidata = __etext

.data           0x20000000       0x14 load address 0x08001244
                0x20000000                __data_start__ = .
                0x20000000                _sdata = __data_start__
 *(vtable)
 *(.data*)
 .data          0x20000000       0x14 ..\obj\system_stm32f10x.o
                0x20000000                SystemCoreClock
                0x20000004                AHBPrescTable
                0x20000014                . = ALIGN (0x4)
                0x20000014                PROVIDE (__preinit_array_start, .)
 *(.preinit_array)
                0x20000014                PROVIDE (__preinit_array_end, .)
                0x20000014                . = ALIGN (0x4)
                0x20000014                PROVIDE (__init_array_start, .)
 *(SORT(.init_array.*))
 *(.init_array)
                0x20000014                PROVIDE (__init_array_end, .)
                0x20000014                . = ALIGN (0x4)
                0x20000014                PROVIDE (__fini_array_start, .)
 *(SORT(.fini_array.*))
 *(.fini_array)
                0x20000014                PROVIDE (__fini_array_end, .)
 *(.jcr*)
                0x20000014                . = ALIGN (0x4)
                0x20000014                __data_end__ = .
                0x20000014                _edata = __data_end__

.bss            0x20000014       0x30 load address 0x08001258
                0x20000014                . = ALIGN (0x4)
                0x20000014                __bss_start__ = .
                0x20000014                _sbss = __bss_start__
 *(.bss*)
 .bss           0x20000014       0x2c ..\obj\main.o
                0x20000014                delay_count
                0x20000018                read_bit
                0x2000001a                DS_temp
                0x2000001c                Th
                0x2000001e                Tl
                0x20000020                Config
                0x20000022                Rswd_1
                0x20000024                Rswd_2
                0x20000026                Rswd_3
                0x20000028                DS_CRC
                0x2000002a                DS_temp_1
                0x2000002b                bit_0
                0x2000002c                bit_1
                0x2000002d                bit_2
                0x2000002e                bit_3
                0x2000002f                bit_4
                0x20000030                bit_5
                0x20000031                bit_6
                0x20000032                bit_7
                0x20000033                bit_8
                0x20000034                bit_9
                0x20000035                bit_10
                0x20000036                bit_11
                0x20000037                bit_12
                0x20000038                bit_13
                0x20000039                bit_14
                0x2000003a                bit_15
                0x2000003c                i
 *(COMMON)
 COMMON         0x20000040        0x4 ..\obj\main.o
                0x20000040                GPIO_Init_LED
                0x20000044                . = ALIGN (0x4)
                0x20000044                __bss_end__ = .
                0x20000044                _ebss = __bss_end__

.heap           0x20000044        0x0
                0x20000044                __end__ = .
                0x20000044                _end = __end__
                0x20000044                end = __end__
 *(.heap*)
                0x20000044                __HeapLimit = .

.co_stack       0x20000044      0x404 load address 0x08001288
                0x20000048                . = ALIGN (0x8)
 *fill*         0x20000044        0x4 00
 *(.co_stack .co_stack.*)
 .co_stack      0x20000048      0x400 ..\obj\startup_stm32f10x_md.o
                0x20000048                pulStack
                0x20005000                __StackTop = 0x20005000
                0x20004bfc                __StackLimit = (__StackTop - SIZEOF (.co_stack))
                0x20005000                PROVIDE (__stack, __StackTop)
                0x00000001                ASSERT ((__StackLimit >= __HeapLimit), region ram  overflowed with stack)
LOAD ..\obj\system_stm32f10x.o
LOAD ..\obj\startup_stm32f10x_md.o
LOAD ..\obj\stm32f10x_gpio.o
LOAD ..\obj\main.o
LOAD ..\obj\stm32f10x_rcc.o
START GROUP
LOAD c:/arm-2011.03-coocox/arm-2011.03-coocox/bin/../lib/gcc/arm-none-eabi/4.5.2/thumb2\libgcc.a
LOAD c:/arm-2011.03-coocox/arm-2011.03-coocox/bin/../lib/gcc/arm-none-eabi/4.5.2/../../../../arm-none-eabi/lib/thumb2\libc.a
END GROUP
OUTPUT(18B20.elf elf32-littlearm)

.debug_abbrev   0x00000000      0x700
 .debug_abbrev  0x00000000      0x153 ..\obj\system_stm32f10x.o
 .debug_abbrev  0x00000153       0xa3 ..\obj\startup_stm32f10x_md.o
 .debug_abbrev  0x000001f6      0x1a4 ..\obj\stm32f10x_gpio.o
 .debug_abbrev  0x0000039a      0x1d5 ..\obj\main.o
 .debug_abbrev  0x0000056f      0x191 ..\obj\stm32f10x_rcc.o

.debug_info     0x00000000     0x218e
 .debug_info    0x00000000      0x4df ..\obj\system_stm32f10x.o
 .debug_info    0x000004df      0x143 ..\obj\startup_stm32f10x_md.o
 .debug_info    0x00000622      0x72e ..\obj\stm32f10x_gpio.o
 .debug_info    0x00000d50      0xb32 ..\obj\main.o
 .debug_info    0x00001882      0x90c ..\obj\stm32f10x_rcc.o

.debug_line     0x00000000      0xf7f
 .debug_line    0x00000000      0x204 ..\obj\system_stm32f10x.o
 .debug_line    0x00000204       0x9d ..\obj\startup_stm32f10x_md.o
 .debug_line    0x000002a1      0x347 ..\obj\stm32f10x_gpio.o
 .debug_line    0x000005e8      0x53a ..\obj\main.o
 .debug_line    0x00000b22      0x45d ..\obj\stm32f10x_rcc.o

.debug_loc      0x00000000      0xd9c
 .debug_loc     0x00000000       0xc8 ..\obj\system_stm32f10x.o
 .debug_loc     0x000000c8       0x64 ..\obj\startup_stm32f10x_md.o
 .debug_loc     0x0000012c      0x3e4 ..\obj\stm32f10x_gpio.o
 .debug_loc     0x00000510      0x1b0 ..\obj\main.o
 .debug_loc     0x000006c0      0x6dc ..\obj\stm32f10x_rcc.o

.debug_pubnames
                0x00000000      0x6c1
 .debug_pubnames
                0x00000000       0x61 ..\obj\system_stm32f10x.o
 .debug_pubnames
                0x00000061       0x4a ..\obj\startup_stm32f10x_md.o
 .debug_pubnames
                0x000000ab      0x19d ..\obj\stm32f10x_gpio.o
 .debug_pubnames
                0x00000248      0x1b5 ..\obj\main.o
 .debug_pubnames
                0x000003fd      0x2c4 ..\obj\stm32f10x_rcc.o

.debug_pubtypes
                0x00000000      0x2c4
 .debug_pubtypes
                0x00000000       0x73 ..\obj\system_stm32f10x.o
 .debug_pubtypes
                0x00000073       0xcf ..\obj\stm32f10x_gpio.o
 .debug_pubtypes
                0x00000142       0xd8 ..\obj\main.o
 .debug_pubtypes
                0x0000021a       0xaa ..\obj\stm32f10x_rcc.o

.debug_aranges  0x00000000      0x280
 .debug_aranges
                0x00000000       0x38 ..\obj\system_stm32f10x.o
 .debug_aranges
                0x00000038       0x28 ..\obj\startup_stm32f10x_md.o
 .debug_aranges
                0x00000060       0xa8 ..\obj\stm32f10x_gpio.o
 .debug_aranges
                0x00000108       0x60 ..\obj\main.o
 .debug_aranges
                0x00000168      0x118 ..\obj\stm32f10x_rcc.o

.debug_ranges   0x00000000      0x230
 .debug_ranges  0x00000000       0x28 ..\obj\system_stm32f10x.o
 .debug_ranges  0x00000028       0x18 ..\obj\startup_stm32f10x_md.o
 .debug_ranges  0x00000040       0x98 ..\obj\stm32f10x_gpio.o
 .debug_ranges  0x000000d8       0x50 ..\obj\main.o
 .debug_ranges  0x00000128      0x108 ..\obj\stm32f10x_rcc.o

.debug_str      0x00000000      0xee2
 .debug_str     0x00000000      0x1fa ..\obj\system_stm32f10x.o
                                0x24f (size before relaxing)
 .debug_str     0x000001fa       0xab ..\obj\startup_stm32f10x_md.o
                                 0xd6 (size before relaxing)
 .debug_str     0x000002a5      0x3b0 ..\obj\stm32f10x_gpio.o
                                0x479 (size before relaxing)
 .debug_str     0x00000655      0x4aa ..\obj\main.o
                                0x70f (size before relaxing)
 .debug_str     0x00000aff      0x3e3 ..\obj\stm32f10x_rcc.o
                                0x57a (size before relaxing)

.comment        0x00000000       0x11
 .comment       0x00000000       0x11 ..\obj\system_stm32f10x.o
                                 0x12 (size before relaxing)
 .comment       0x00000000       0x12 ..\obj\startup_stm32f10x_md.o
 .comment       0x00000000       0x12 ..\obj\stm32f10x_gpio.o
 .comment       0x00000000       0x12 ..\obj\main.o
 .comment       0x00000000       0x12 ..\obj\stm32f10x_rcc.o

.ARM.attributes
                0x00000000       0x31
 .ARM.attributes
                0x00000000       0x31 ..\obj\system_stm32f10x.o
 .ARM.attributes
                0x00000031       0x31 ..\obj\startup_stm32f10x_md.o
 .ARM.attributes
                0x00000062       0x31 ..\obj\stm32f10x_gpio.o
 .ARM.attributes
                0x00000093       0x31 ..\obj\main.o
 .ARM.attributes
                0x000000c4       0x31 ..\obj\stm32f10x_rcc.o

.debug_frame    0x00000000      0x76c
 .debug_frame   0x00000000       0x80 ..\obj\system_stm32f10x.o
 .debug_frame   0x00000080       0x48 ..\obj\startup_stm32f10x_md.o
 .debug_frame   0x000000c8      0x210 ..\obj\stm32f10x_gpio.o
 .debug_frame   0x000002d8      0x10c ..\obj\main.o
 .debug_frame   0x000003e4      0x388 ..\obj\stm32f10x_rcc.o
